------------------------------------------------------------
Timing Analyzer Summary
------------------------------------------------------------

Type  : Slow 1100mV 85C Model Setup 'clk'
Slack : -0.234
TNS   : -1.681

Type  : Slow 1100mV 85C Model Hold 'clk'
Slack : 0.291
TNS   : 0.000

Type  : Slow 1100mV 85C Model Minimum Pulse Width 'clk'
Slack : -0.394
TNS   : -7.599

Type  : Slow 1100mV 0C Model Setup 'clk'
Slack : -0.275
TNS   : -2.130

Type  : Slow 1100mV 0C Model Hold 'clk'
Slack : 0.273
TNS   : 0.000

Type  : Slow 1100mV 0C Model Minimum Pulse Width 'clk'
Slack : -0.394
TNS   : -7.066

Type  : Fast 1100mV 85C Model Setup 'clk'
Slack : 0.276
TNS   : 0.000

Type  : Fast 1100mV 85C Model Hold 'clk'
Slack : 0.172
TNS   : 0.000

Type  : Fast 1100mV 85C Model Minimum Pulse Width 'clk'
Slack : -0.338
TNS   : -3.900

Type  : Fast 1100mV 0C Model Setup 'clk'
Slack : 0.308
TNS   : 0.000

Type  : Fast 1100mV 0C Model Hold 'clk'
Slack : 0.155
TNS   : 0.000

Type  : Fast 1100mV 0C Model Minimum Pulse Width 'clk'
Slack : -0.317
TNS   : -3.655

------------------------------------------------------------
