------------------------------------------------------------
Timing Analyzer Summary
------------------------------------------------------------

Type  : Slow 1100mV 85C Model Setup 'clk'
Slack : -0.454
TNS   : -1.753

Type  : Slow 1100mV 85C Model Hold 'clk'
Slack : 0.349
TNS   : 0.000

Type  : Slow 1100mV 85C Model Minimum Pulse Width 'clk'
Slack : -0.394
TNS   : -7.424

Type  : Slow 1100mV 0C Model Setup 'clk'
Slack : -0.472
TNS   : -1.898

Type  : Slow 1100mV 0C Model Hold 'clk'
Slack : 0.337
TNS   : 0.000

Type  : Slow 1100mV 0C Model Minimum Pulse Width 'clk'
Slack : -0.394
TNS   : -8.145

Type  : Fast 1100mV 85C Model Setup 'clk'
Slack : 0.133
TNS   : 0.000

Type  : Fast 1100mV 85C Model Hold 'clk'
Slack : 0.182
TNS   : 0.000

Type  : Fast 1100mV 85C Model Minimum Pulse Width 'clk'
Slack : -0.080
TNS   : -1.095

Type  : Fast 1100mV 0C Model Setup 'clk'
Slack : 0.176
TNS   : 0.000

Type  : Fast 1100mV 0C Model Hold 'clk'
Slack : 0.171
TNS   : 0.000

Type  : Fast 1100mV 0C Model Minimum Pulse Width 'clk'
Slack : -0.083
TNS   : -1.134

------------------------------------------------------------
