------------------------------------------------------------
Timing Analyzer Summary
------------------------------------------------------------

Type  : Slow 1100mV 85C Model Setup 'maquina_Estados:ME|state.011'
Slack : -23.810
TNS   : -1390.656

Type  : Slow 1100mV 85C Model Setup 'maquina_Estados:ME|state.010'
Slack : -22.364
TNS   : -1330.296

Type  : Slow 1100mV 85C Model Setup 'maquina_Estados:ME|state.001'
Slack : -22.351
TNS   : -1317.362

Type  : Slow 1100mV 85C Model Setup 'maquina_Estados:ME|state.100'
Slack : -22.206
TNS   : -1331.882

Type  : Slow 1100mV 85C Model Setup 'ME_clk'
Slack : -7.819
TNS   : -48.565

Type  : Slow 1100mV 85C Model Setup 'maquina_Estados:ME|state.000'
Slack : -4.607
TNS   : -248.047

Type  : Slow 1100mV 85C Model Setup 'VGA_Main_Module:VGA|clkdiv:div|clk_25'
Slack : -3.348
TNS   : -83.375

Type  : Slow 1100mV 85C Model Setup 'clk'
Slack : -1.717
TNS   : -2.697

Type  : Slow 1100mV 85C Model Hold 'ME_clk'
Slack : -7.505
TNS   : -16.284

Type  : Slow 1100mV 85C Model Hold 'maquina_Estados:ME|state.000'
Slack : -0.878
TNS   : -2.068

Type  : Slow 1100mV 85C Model Hold 'clk'
Slack : 0.494
TNS   : 0.000

Type  : Slow 1100mV 85C Model Hold 'VGA_Main_Module:VGA|clkdiv:div|clk_25'
Slack : 0.657
TNS   : 0.000

Type  : Slow 1100mV 85C Model Hold 'maquina_Estados:ME|state.100'
Slack : 0.962
TNS   : 0.000

Type  : Slow 1100mV 85C Model Hold 'maquina_Estados:ME|state.010'
Slack : 1.112
TNS   : 0.000

Type  : Slow 1100mV 85C Model Hold 'maquina_Estados:ME|state.001'
Slack : 1.142
TNS   : 0.000

Type  : Slow 1100mV 85C Model Hold 'maquina_Estados:ME|state.011'
Slack : 1.555
TNS   : 0.000

Type  : Slow 1100mV 85C Model Minimum Pulse Width 'clk'
Slack : -0.701
TNS   : -3.081

Type  : Slow 1100mV 85C Model Minimum Pulse Width 'ME_clk'
Slack : -0.691
TNS   : -5.748

Type  : Slow 1100mV 85C Model Minimum Pulse Width 'maquina_Estados:ME|state.010'
Slack : -0.598
TNS   : -47.758

Type  : Slow 1100mV 85C Model Minimum Pulse Width 'maquina_Estados:ME|state.100'
Slack : -0.543
TNS   : -49.197

Type  : Slow 1100mV 85C Model Minimum Pulse Width 'maquina_Estados:ME|state.001'
Slack : -0.452
TNS   : -43.551

Type  : Slow 1100mV 85C Model Minimum Pulse Width 'maquina_Estados:ME|state.011'
Slack : -0.436
TNS   : -46.562

Type  : Slow 1100mV 85C Model Minimum Pulse Width 'VGA_Main_Module:VGA|clkdiv:div|clk_25'
Slack : -0.394
TNS   : -14.761

Type  : Slow 1100mV 85C Model Minimum Pulse Width 'maquina_Estados:ME|state.000'
Slack : 0.058
TNS   : 0.000

Type  : Slow 1100mV 0C Model Setup 'maquina_Estados:ME|state.011'
Slack : -23.572
TNS   : -1376.723

Type  : Slow 1100mV 0C Model Setup 'maquina_Estados:ME|state.010'
Slack : -22.296
TNS   : -1320.163

Type  : Slow 1100mV 0C Model Setup 'maquina_Estados:ME|state.001'
Slack : -22.241
TNS   : -1311.420

Type  : Slow 1100mV 0C Model Setup 'maquina_Estados:ME|state.100'
Slack : -22.203
TNS   : -1318.786

Type  : Slow 1100mV 0C Model Setup 'ME_clk'
Slack : -7.709
TNS   : -47.653

Type  : Slow 1100mV 0C Model Setup 'maquina_Estados:ME|state.000'
Slack : -4.463
TNS   : -237.211

Type  : Slow 1100mV 0C Model Setup 'VGA_Main_Module:VGA|clkdiv:div|clk_25'
Slack : -3.298
TNS   : -83.183

Type  : Slow 1100mV 0C Model Setup 'clk'
Slack : -1.643
TNS   : -2.622

Type  : Slow 1100mV 0C Model Hold 'ME_clk'
Slack : -7.298
TNS   : -15.360

Type  : Slow 1100mV 0C Model Hold 'maquina_Estados:ME|state.000'
Slack : -0.821
TNS   : -2.256

Type  : Slow 1100mV 0C Model Hold 'clk'
Slack : 0.477
TNS   : 0.000

Type  : Slow 1100mV 0C Model Hold 'VGA_Main_Module:VGA|clkdiv:div|clk_25'
Slack : 0.635
TNS   : 0.000

Type  : Slow 1100mV 0C Model Hold 'maquina_Estados:ME|state.100'
Slack : 0.964
TNS   : 0.000

Type  : Slow 1100mV 0C Model Hold 'maquina_Estados:ME|state.010'
Slack : 1.137
TNS   : 0.000

Type  : Slow 1100mV 0C Model Hold 'maquina_Estados:ME|state.001'
Slack : 1.221
TNS   : 0.000

Type  : Slow 1100mV 0C Model Hold 'maquina_Estados:ME|state.011'
Slack : 1.551
TNS   : 0.000

Type  : Slow 1100mV 0C Model Minimum Pulse Width 'ME_clk'
Slack : -0.706
TNS   : -6.125

Type  : Slow 1100mV 0C Model Minimum Pulse Width 'clk'
Slack : -0.696
TNS   : -3.137

Type  : Slow 1100mV 0C Model Minimum Pulse Width 'maquina_Estados:ME|state.010'
Slack : -0.580
TNS   : -47.259

Type  : Slow 1100mV 0C Model Minimum Pulse Width 'maquina_Estados:ME|state.100'
Slack : -0.518
TNS   : -48.545

Type  : Slow 1100mV 0C Model Minimum Pulse Width 'maquina_Estados:ME|state.011'
Slack : -0.435
TNS   : -45.884

Type  : Slow 1100mV 0C Model Minimum Pulse Width 'maquina_Estados:ME|state.001'
Slack : -0.430
TNS   : -43.141

Type  : Slow 1100mV 0C Model Minimum Pulse Width 'VGA_Main_Module:VGA|clkdiv:div|clk_25'
Slack : -0.394
TNS   : -14.762

Type  : Slow 1100mV 0C Model Minimum Pulse Width 'maquina_Estados:ME|state.000'
Slack : 0.015
TNS   : 0.000

Type  : Fast 1100mV 85C Model Setup 'maquina_Estados:ME|state.011'
Slack : -13.998
TNS   : -818.741

Type  : Fast 1100mV 85C Model Setup 'maquina_Estados:ME|state.100'
Slack : -13.339
TNS   : -786.137

Type  : Fast 1100mV 85C Model Setup 'maquina_Estados:ME|state.010'
Slack : -13.087
TNS   : -777.876

Type  : Fast 1100mV 85C Model Setup 'maquina_Estados:ME|state.001'
Slack : -13.016
TNS   : -773.657

Type  : Fast 1100mV 85C Model Setup 'ME_clk'
Slack : -5.941
TNS   : -35.027

Type  : Fast 1100mV 85C Model Setup 'maquina_Estados:ME|state.000'
Slack : -2.699
TNS   : -141.384

Type  : Fast 1100mV 85C Model Setup 'VGA_Main_Module:VGA|clkdiv:div|clk_25'
Slack : -1.639
TNS   : -37.639

Type  : Fast 1100mV 85C Model Setup 'clk'
Slack : -0.907
TNS   : -0.917

Type  : Fast 1100mV 85C Model Hold 'ME_clk'
Slack : -4.290
TNS   : -8.473

Type  : Fast 1100mV 85C Model Hold 'maquina_Estados:ME|state.000'
Slack : -0.740
TNS   : -3.172

Type  : Fast 1100mV 85C Model Hold 'clk'
Slack : 0.264
TNS   : 0.000

Type  : Fast 1100mV 85C Model Hold 'VGA_Main_Module:VGA|clkdiv:div|clk_25'
Slack : 0.314
TNS   : 0.000

Type  : Fast 1100mV 85C Model Hold 'maquina_Estados:ME|state.010'
Slack : 0.420
TNS   : 0.000

Type  : Fast 1100mV 85C Model Hold 'maquina_Estados:ME|state.100'
Slack : 0.467
TNS   : 0.000

Type  : Fast 1100mV 85C Model Hold 'maquina_Estados:ME|state.001'
Slack : 0.531
TNS   : 0.000

Type  : Fast 1100mV 85C Model Hold 'maquina_Estados:ME|state.011'
Slack : 0.766
TNS   : 0.000

Type  : Fast 1100mV 85C Model Minimum Pulse Width 'ME_clk'
Slack : -0.654
TNS   : -4.472

Type  : Fast 1100mV 85C Model Minimum Pulse Width 'clk'
Slack : -0.639
TNS   : -2.370

Type  : Fast 1100mV 85C Model Minimum Pulse Width 'maquina_Estados:ME|state.010'
Slack : -0.336
TNS   : -6.806

Type  : Fast 1100mV 85C Model Minimum Pulse Width 'maquina_Estados:ME|state.100'
Slack : -0.280
TNS   : -8.960

Type  : Fast 1100mV 85C Model Minimum Pulse Width 'maquina_Estados:ME|state.001'
Slack : -0.201
TNS   : -4.552

Type  : Fast 1100mV 85C Model Minimum Pulse Width 'maquina_Estados:ME|state.011'
Slack : -0.190
TNS   : -6.171

Type  : Fast 1100mV 85C Model Minimum Pulse Width 'VGA_Main_Module:VGA|clkdiv:div|clk_25'
Slack : 0.058
TNS   : 0.000

Type  : Fast 1100mV 85C Model Minimum Pulse Width 'maquina_Estados:ME|state.000'
Slack : 0.220
TNS   : 0.000

Type  : Fast 1100mV 0C Model Setup 'maquina_Estados:ME|state.011'
Slack : -12.618
TNS   : -736.707

Type  : Fast 1100mV 0C Model Setup 'maquina_Estados:ME|state.100'
Slack : -12.002
TNS   : -706.305

Type  : Fast 1100mV 0C Model Setup 'maquina_Estados:ME|state.010'
Slack : -11.775
TNS   : -702.181

Type  : Fast 1100mV 0C Model Setup 'maquina_Estados:ME|state.001'
Slack : -11.720
TNS   : -696.495

Type  : Fast 1100mV 0C Model Setup 'ME_clk'
Slack : -4.860
TNS   : -29.665

Type  : Fast 1100mV 0C Model Setup 'maquina_Estados:ME|state.000'
Slack : -2.347
TNS   : -122.829

Type  : Fast 1100mV 0C Model Setup 'VGA_Main_Module:VGA|clkdiv:div|clk_25'
Slack : -1.486
TNS   : -34.421

Type  : Fast 1100mV 0C Model Setup 'clk'
Slack : -0.748
TNS   : -0.748

Type  : Fast 1100mV 0C Model Hold 'ME_clk'
Slack : -4.156
TNS   : -8.344

Type  : Fast 1100mV 0C Model Hold 'maquina_Estados:ME|state.000'
Slack : -0.654
TNS   : -3.011

Type  : Fast 1100mV 0C Model Hold 'clk'
Slack : 0.236
TNS   : 0.000

Type  : Fast 1100mV 0C Model Hold 'VGA_Main_Module:VGA|clkdiv:div|clk_25'
Slack : 0.274
TNS   : 0.000

Type  : Fast 1100mV 0C Model Hold 'maquina_Estados:ME|state.010'
Slack : 0.385
TNS   : 0.000

Type  : Fast 1100mV 0C Model Hold 'maquina_Estados:ME|state.100'
Slack : 0.430
TNS   : 0.000

Type  : Fast 1100mV 0C Model Hold 'maquina_Estados:ME|state.001'
Slack : 0.511
TNS   : 0.000

Type  : Fast 1100mV 0C Model Hold 'maquina_Estados:ME|state.011'
Slack : 0.740
TNS   : 0.000

Type  : Fast 1100mV 0C Model Minimum Pulse Width 'ME_clk'
Slack : -0.640
TNS   : -4.618

Type  : Fast 1100mV 0C Model Minimum Pulse Width 'clk'
Slack : -0.625
TNS   : -2.380

Type  : Fast 1100mV 0C Model Minimum Pulse Width 'maquina_Estados:ME|state.010'
Slack : -0.233
TNS   : -3.863

Type  : Fast 1100mV 0C Model Minimum Pulse Width 'maquina_Estados:ME|state.100'
Slack : -0.185
TNS   : -5.352

Type  : Fast 1100mV 0C Model Minimum Pulse Width 'maquina_Estados:ME|state.011'
Slack : -0.122
TNS   : -3.076

Type  : Fast 1100mV 0C Model Minimum Pulse Width 'maquina_Estados:ME|state.001'
Slack : -0.122
TNS   : -2.106

Type  : Fast 1100mV 0C Model Minimum Pulse Width 'VGA_Main_Module:VGA|clkdiv:div|clk_25'
Slack : 0.076
TNS   : 0.000

Type  : Fast 1100mV 0C Model Minimum Pulse Width 'maquina_Estados:ME|state.000'
Slack : 0.242
TNS   : 0.000

------------------------------------------------------------
